Statement: MERGE (n:Thing {prefUUID: {prefUUID}})
								set n={allprops}
								set n :,
Paremeters: {
  "allprops": {
    "aggregateHash": "",
    "prefUUID": ""
  },
  "prefUUID": ""
}